
There are no discarded input sections

Memory Configuration

Name             Origin             Length             Attributes
FLASH            0x08000000         0x00100000         xr
ITCM_RAM         0x00000000         0x00010000         xrw
DTCM_RAM         0x20000000         0x00020000         xrw
AXI_SRAM         0x24000000         0x00020000         xrw
SRAM1_2          0x30000000         0x00008000         rw
SRAM4            0x38000000         0x00004000         xrw
BCK_SRAM         0x38800000         0x00001000         rw
SHARED_ITCM_RAM  0x00010000         0x00030000         xrw
SHARED_AXI_RAM   0x24020000         0x00030000         xrw
*default*        0x00000000         0xffffffff

Linker script and memory map

LOAD build/main.o
LOAD build/stm32h7x_startup.o
                0x20020000                        _estack = (ORIGIN (DTCM_RAM) + LENGTH (DTCM_RAM))

.text           0x08000000      0x324
 *(.isr_vector)
 .isr_vector    0x08000000      0x2cc build/stm32h7x_startup.o
                0x08000000                g_pfnVectors
 *(.text)
 .text          0x080002cc       0x14 build/main.o
                0x080002cc                main
 .text          0x080002e0       0x44 build/stm32h7x_startup.o
                0x080002e0                RTC_WKUP_Handler
                0x080002e0                FLASH_Handler
                0x080002e0                SVCall_Handler
                0x080002e0                DMAMUX2_OVR_Handler
                0x080002e0                FDCAN_CAL_Handler
                0x080002e0                DMA2_STR0_Handler
                0x080002e0                DMA1_STR5_Handler
                0x080002e0                BDMA_CH5_Handler
                0x080002e0                TEMP_IT_Handler
                0x080002e0                DFSDM1_FLT3_Handler
                0x080002e0                OTG_HS_Handler
                0x080002e0                HardFault_Handler
                0x080002e0                SysTick_Handler
                0x080002e0                DMA2_STR2_Handler
                0x080002e0                USART3_Handler
                0x080002e0                PendSV_Handler
                0x080002e0                NMI_Handler
                0x080002e0                SAI1_Handler
                0x080002e0                CRS_Handler
                0x080002e0                DMA2_STR1_Handler
                0x080002e0                TIM6_DAC_Handler
                0x080002e0                EXTI15_10_Handler
                0x080002e0                OCTOSPI2_Handler
                0x080002e0                I2C5_ER_Handler
                0x080002e0                HASH_RNG_Handler
                0x080002e0                I2C1_EV_Handler
                0x080002e0                ADC1_2_Handler
                0x080002e0                COMP_Handler
                0x080002e0                I2C3_ER_Handler
                0x080002e0                EXTI4_Handler
                0x080002e0                I2C3_EV_Handler
                0x080002e0                UART9_Handler
                0x080002e0                LPTIM5_Handler
                0x080002e0                DMA1_STR3_Handler
                0x080002e0                SAI4_Handler
                0x080002e0                DMA1_STR6_Handler
                0x080002e0                DFSDM1_FLT0_Handler
                0x080002e0                DMA2_STR4_Handler
                0x080002e0                ETH_WKUP_Handler
                0x080002e0                I2C1_ER_Handler
                0x080002e0                I2C4_EV_Handler
                0x080002e0                FDCAN1_IT0_Handler
                0x080002e0                I2C4_ER_Handler
                0x080002e0                UsageFault_Handler
                0x080002e0                RTC_TAMP_STAMP_CSS_LSE_Handler
                0x080002e0                TIM1_CC_Handler
                0x080002e0                I2C2_ER_Handler
                0x080002e0                USART6_Handler
                0x080002e0                MDMA_Handler
                0x080002e0                TIM8_CC_Handler
                0x080002e0                DMA1_STR0_Handler
                0x080002e0                DMA2_STR5_Handler
                0x080002e0                TIM1_BRK_Handler
                0x080002e0                CORDIC_IT_Handler
                0x080002e0                OTG_HS_EP1_OUT_Handler
                0x080002e0                FDCAN2_IT1_Handler
                0x080002e0                HSEM0_Handler
                0x080002e0                LPTIM3_Handler
                0x080002e0                EXTI1_Handler
                0x080002e0                USART10_Handler
                0x080002e0                FMC_Handler
                0x080002e0                EXTI3_Handler
                0x080002e0                BDMA_CH7_Handler
                0x080002e0                CRYP_Handler
                0x080002e0                EXTI2_Handler
                0x080002e0                UART4_Handler
                0x080002e0                EXTI9_5_Handler
                0x080002e0                DCMI_PSSI_Handler
                0x080002e0                TIM2_Handler
                0x080002e0                USART1_Handler
                0x080002e0                OCTOSPI1_Handler
                0x080002e0                BDMA_CH2_Handler
                0x080002e0                TIM3_Handler
                0x080002e0                DMA2_STR7_Handler
                0x080002e0                SPI6_Handler
                0x080002e0                BDMA_CH3_Handler
                0x080002e0                TIM17_Handler
                0x080002e0                DMA1_STR7_Handler
                0x080002e0                LTDC_ERR_Handler
                0x080002e0                OTFDEC1_Handler
                0x080002e0                LTDC_Handler
                0x080002e0                DMA2_STR6_Handler
                0x080002e0                TIM4_Handler
                0x080002e0                BDMA_CH6_Handler
                0x080002e0                TIM8_UP_TIM13_Handler
                0x080002e0                SWPMI1_Handler
                0x080002e0                SPI2_Handler
                0x080002e0                SDMMC1_Handler
                0x080002e0                UART7_Handler
                0x080002e0                TIM16_Handler
                0x080002e0                TIM23_Handler
                0x080002e0                DMA1_STR4_Handler
                0x080002e0                MDIOS_WKUP_Handler
                0x080002e0                MemManage_Handler
                0x080002e0                OTFDEC2_Handler
                0x080002e0                FDCAN3_IT0_Handler
                0x080002e0                EXTI0_Handler
                0x080002e0                TIM8_BRK_TIM12_Handler
                0x080002e0                DMA1_STR2_Handler
                0x080002e0                DMA2D_Handler
                0x080002e0                TIM1_UP_Handler
                0x080002e0                ECC_DIAG_IT_Handler
                0x080002e0                LPTIM2_Handler
                0x080002e0                TIM24_Handler
                0x080002e0                LPTIM1_Handler
                0x080002e0                USART2_Handler
                0x080002e0                ETH_Handler
                0x080002e0                SPI1_Handler
                0x080002e0                MDIOS_Handler
                0x080002e0                FDCAN2_IT0_Handler
                0x080002e0                ADC3_Handler
                0x080002e0                I2C2_EV_Handler
                0x080002e0                SPI3_Handler
                0x080002e0                UART8_Handler
                0x080002e0                DMAMUX1_OV_Handler
                0x080002e0                BDMA_CH1_Handler
                0x080002e0                BDMA_CH4_Handler
                0x080002e0                RCC_Handler
                0x080002e0                DMA2_STR3_Handler
                0x080002e0                FDCAN1_IT1_Handler
                0x080002e0                SDMMC2_Handler
                0x080002e0                UART5_Handler
                0x080002e0                DFSDM1_FLT1_Handler
                0x080002e0                TIM15_Handler
                0x080002e0                TIM5_Handler
                0x080002e0                WWDG1_Handler
                0x080002e0                LPTIM4_Handler
                0x080002e0                TIM7_Handler
                0x080002e0                CEC_Handler
                0x080002e0                TIM8_TRG_COM_TIM14_Handler
                0x080002e0                BDMA_CH0_Handler
                0x080002e0                FDCAN3_IT1_Handler
                0x080002e0                DMA1_STR1_Handler
                0x080002e0                FPU_Handler
                0x080002e0                I2C5_EV_Handler
                0x080002e0                SPDIF_Handler
                0x080002e0                DFSDM1_FLT2_Handler
                0x080002e0                BusFault_Handler
                0x080002e0                PVD_PVM_Handler
                0x080002e0                FMAC_Handler
                0x080002e0                WKUP_Handler
                0x080002e0                SPI5_Handler
                0x080002e0                LPUART_Handler
                0x080002e0                TIM1_TRG_CO_M_Handler
                0x080002e0                DebugMonitor_Handler
                0x080002e0                OTG_HS_WKUP_Handler
                0x080002e0                SPI4_Handler
                0x080002e0                OTG_HS_EP1_IN_Handler
                0x080002e0                RTC_ALARM_Handler
                0x080002e2                Reset_Handler
 *(.rodata)
                0x08000324                        . = ALIGN (0x4)
                0x08000324                        _etext = .

.glue_7         0x08000324        0x0
 .glue_7        0x08000324        0x0 linker stubs

.glue_7t        0x08000324        0x0
 .glue_7t       0x08000324        0x0 linker stubs

.vfp11_veneer   0x08000324        0x0
 .vfp11_veneer  0x08000324        0x0 linker stubs

.v4_bx          0x08000324        0x0
 .v4_bx         0x08000324        0x0 linker stubs

.iplt           0x08000324        0x0
 .iplt          0x08000324        0x0 build/main.o

.rel.dyn        0x08000324        0x0
 .rel.iplt      0x08000324        0x0 build/main.o

.data           0x20000000        0x8 load address 0x08000324
                0x20000000                        _sdata = .
 *(.data)
 .data          0x20000000        0x5 build/main.o
                0x20000000                i
                0x20000004                k
 .data          0x20000005        0x0 build/stm32h7x_startup.o
                0x20000008                        . = ALIGN (0x4)
 *fill*         0x20000005        0x3 
                0x20000008                        _edata = .

.igot.plt       0x20000008        0x0 load address 0x0800032c
 .igot.plt      0x20000008        0x0 build/main.o

.bss            0x20000008       0x10
                0x20000008                        _sbss = .
 *(.bss)
 .bss           0x20000008        0xe build/main.o
                0x20000008                j
                0x2000000c                arreglo
 .bss           0x20000016        0x0 build/stm32h7x_startup.o
 *(COMMON)
                0x20000018                        . = ALIGN (0x4)
 *fill*         0x20000016        0x2 
                0x20000018                        _ebss = .
OUTPUT(./build/final.elf elf32-littlearm)
LOAD linker stubs

.comment        0x00000000       0x1e
 .comment       0x00000000       0x1e build/main.o
                                 0x1f (size before relaxing)

.ARM.attributes
                0x00000000       0x2c
 .ARM.attributes
                0x00000000       0x2e build/main.o
 .ARM.attributes
                0x0000002e       0x1c build/stm32h7x_startup.o
